T-013

  × Local comatch not supported for type Bool because Bool contains destructors with self parameters
    ╭─[004.pol:12:1]
 12 │     def Unit.example : Bool {
 13 │ ╭─▶     Top => comatch {
 14 │ │                 .neg_inverse => ?,
 15 │ │                 .and(other) => ?,
 16 │ │                 .not => ?
 17 │ ╰─▶            }
 18 │     }
    ╰────
  help: Use a top-level codefinition instead
