T-002

  × The following terms are not equal:
  │   1: Eq(Nat, S(S(Z)), S(S(Z)))
  │   2: Eq(Nat, S(S(Z)), opaqueTwo)
  │ 
   ╭─[005.pol:3:1]
 3 │ data Eq(a: Type, x y: a) {
 4 │     Refl(a: Type, x: a): Eq(a, x, x)
   ·                          ─────┬─────
   ·                               ╰── Source of (1)
 5 │ }
   ╰────
    ╭─[005.pol:10:1]
 10 │ -- | This proof typechecks
 11 │ let p2: Eq(Nat, S(S(Z)), opaqueTwo) {Refl(Nat, S(S(Z)))}
    ·         ─────────────┬─────────────  ─────────┬────────
    ·                      │                        ╰── While elaborating
    ·                      ╰── Source of (2)
    ╰────
