T-016

  × Cannot automatically decide whether Type and Foo unify
   ╭─[009.pol:2:15]
 1 │ data Foo { }
 2 │ codata Bar(n: Foo) { }
   ·               ───
 3 │ codef Baz(n : Type, l1:Bar(n)) : Bar(n) { }
   ·               ────         ┬
   ·                 │          ╰── While elaborating
   ╰────
