T-002

  × The following terms are not equal:
  │   1: Eq(<Bool -> Bool>, \ap(_, _, x) => T, \ap(_, _, x) => T)
  │   2: Eq(a:=Bool -> Bool, \ap(_, _, x) => T, \ap(_, _, x) => F)
  │ 
    ╭─[Regr-403.pol:6:29]
  5 │ #[transparent]
  6 │ let foo(y: Bool) : Fun(Bool, Bool)  {
    ·                             ────┬───
    ·                                 ╰── Source of (1)
  7 │     \ap(_,_,x) => y
  8 │ }
  9 │ 
 10 │ let proof: Eq(a := Fun(Bool, Bool), foo(T), foo(F)) {
    ·            ────────────────────┬───────────────────
    ·                                ╰── Source of (2)
 11 │     Refl(a := Fun(Bool,Bool), foo(T))
    ·     ────────────────┬────────────────
    ·                     ╰── While elaborating
 12 │ }
    ╰────
  help: The two subterms T and F are not equal.
