"use strict";
const __fs = require("node:fs");
function add_i64(x, y) {
    return BigInt.asIntN(64, x + y);
}
function sub_i64(x, y) {
    return BigInt.asIntN(64, x - y);
}
function mul_i64(x, y) {
    return BigInt.asIntN(64, x * y);
}
function div_i64(x, y) {
    return BigInt.asIntN(64, x / y);
}
function add_f64(x, y) {
    return x + y;
}
function sub_f64(x, y) {
    return x - y;
}
function mul_f64(x, y) {
    return x * y;
}
function div_f64(x, y) {
    return x / y;
}
function concat(s1, s2) {
    return s1.concat(s2);
}
function append_char(c, s) {
    return s.concat(String.fromCodePoint(c));
}
function unit() {
    return void 0;
}
function return_io(x) {
    return function () {
        return x;
    };
}
function println(s) {
    return function () {
        console.log(s);
        return void 0;
    };
}
function read_file(path) {
    return function () {
        try {
            const data = __fs.readFileSync(path, "utf8");
            return {
                tag: "Some",
                args: [data]
            };
        }
        catch (err) {
            return {
                tag: "None",
                args: []
            };
        }
    };
}
function id(__self) {
    switch(__self.tag){
        case "Unit":
            return {
                ap: (x1)=>(x1)
            };
    }
}
