def .pres(e, ty) {
    TTrue => comatch { .preservationStep(e1, e2, ty0, s) => s.d_step1(e2) },
    TFalse => comatch { .preservationStep(e1, e2, ty0, s) => s.d_step3(e2) },
    TIte(e1, e2, e3, ty0, t1, t2, t3) =>
        comatch { .preservationStep(e4, e5, ty1, s) => s.d_step5(e1, e2, e3, e5, ty, t1, t2, t3) },
}

codef StIteT(e1, e2) {
    .d_step3(e3) absurd,
    .d_step1(e3) absurd,
    .d_step5(e3, e4, e5, e6, ty, t1, t2, t3) => t2,
}

codef StIteF(e1, e2) {
    .d_step3(e3) absurd,
    .d_step1(e3) absurd,
    .d_step5(e3, e4, e5, e6, ty, t1, t2, t3) => t3,
}

codef StIte(e1, e2, e3, e4, s) {
    .d_step1(e5) absurd,
    .d_step3(e5) absurd,
    .d_step5(e1', e2', e3', e5', ty, t1, t2, t3) =>
        TIte(e2, e3, e4, ty, t1.pres(e1, TyBool).preservationStep(e1, e2, TyBool, s), t2, t3),
}
