function append(__self, other) {
    switch(__self.tag){
        case "Nil":
            return other;
        case "Cons":
            const t = __self.args[0];
            const ts = __self.args[1];
            return {
                tag: "Cons",
                args: [
                    t,
                    append(ts, other)
                ]
            };
    }
}
function len(__self) {
    switch(__self.tag){
        case "Nil":
            return {
                tag: "Z",
                args: []
            };
        case "Cons":
            const x = __self.args[0];
            const ts0 = __self.args[1];
            return {
                tag: "S",
                args: [
                    len(ts0)
                ]
            };
    }
}
function subst(__self, v, by) {
    switch(__self.tag){
        case "Var":
            const x0 = __self.args[0];
            return subst_result(cmp(x0, v), x0, by);
        case "Lam":
            const e = __self.args[0];
            return {
                tag: "Lam",
                args: [
                    subst(e, {
                        tag: "S",
                        args: [
                            v
                        ]
                    }, by)
                ]
            };
        case "App":
            const e1 = __self.args[0];
            const e2 = __self.args[1];
            return {
                tag: "App",
                args: [
                    subst(e1, v, by),
                    subst(e2, v, by)
                ]
            };
        case "Lit":
            const b = __self.args[0];
            return {
                tag: "Lit",
                args: [
                    b
                ]
            };
        case "If":
            const cond = __self.args[0];
            const then = __self.args[1];
            const else_ = __self.args[2];
            return {
                tag: "If",
                args: [
                    subst(cond, v, by),
                    subst(then, v, by),
                    subst(else_, v, by)
                ]
            };
    }
}
function subst_result(__self, x1, by0) {
    switch(__self.tag){
        case "LT":
            return {
                tag: "Var",
                args: [
                    x1
                ]
            };
        case "EQ":
            return by0;
        case "GT":
            return {
                tag: "Var",
                args: [
                    pred(x1)
                ]
            };
    }
}
function progress(__self, t0) {
    switch(__self.tag){
        case "Var":
            const x2 = __self.args[0];
            return {
                ap: (h_t)=>((()=>{
                        const __scrutinee = h_t;
                        switch(__scrutinee.tag){
                            case "TVar":
                                const x3 = __scrutinee.args[0];
                                const x4 = __scrutinee.args[1];
                                const x5 = __scrutinee.args[2];
                                const elem = __scrutinee.args[3];
                                return elim_bot(empty_absurd(elem, x2, t0));
                        }
                    })())
            };
        case "Lam":
            const e0 = __self.args[0];
            return {
                ap: (x6)=>({
                        tag: "PVal",
                        args: [
                            {
                                tag: "Lam",
                                args: [
                                    e0
                                ]
                            },
                            {
                                tag: "VLam",
                                args: [
                                    e0
                                ]
                            }
                        ]
                    })
            };
        case "App":
            const e3 = __self.args[0];
            const e4 = __self.args[1];
            return {
                ap: (h_t0)=>((()=>{
                        const __scrutinee = h_t0;
                        switch(__scrutinee.tag){
                            case "TApp":
                                const x7 = __scrutinee.args[0];
                                const t1 = __scrutinee.args[1];
                                const t2 = __scrutinee.args[2];
                                const x8 = __scrutinee.args[3];
                                const x9 = __scrutinee.args[4];
                                const e1_t = __scrutinee.args[5];
                                const e2_t = __scrutinee.args[6];
                                return (()=>{
                                    const __scrutinee = progress(e3, {
                                        tag: "FunT",
                                        args: [
                                            t1,
                                            t0
                                        ]
                                    }).ap(e1_t);
                                    switch(__scrutinee.tag){
                                        case "PStep":
                                            const x10 = __scrutinee.args[0];
                                            const e5 = __scrutinee.args[1];
                                            const e1_eval_e = __scrutinee.args[2];
                                            return {
                                                tag: "PStep",
                                                args: [
                                                    {
                                                        tag: "App",
                                                        args: [
                                                            e3,
                                                            e4
                                                        ]
                                                    },
                                                    {
                                                        tag: "App",
                                                        args: [
                                                            e5,
                                                            e4
                                                        ]
                                                    },
                                                    {
                                                        tag: "ECongApp1",
                                                        args: [
                                                            e3,
                                                            e5,
                                                            e1_eval_e,
                                                            e4
                                                        ]
                                                    }
                                                ]
                                            };
                                        case "PVal":
                                            const x11 = __scrutinee.args[0];
                                            const is_val = __scrutinee.args[1];
                                            return (()=>{
                                                const __scrutinee = is_val;
                                                switch(__scrutinee.tag){
                                                    case "VLit":
                                                        const x12 = __scrutinee.args[0];
                                                        return (()=>{
                                                            const __scrutinee = e1_t;
                                                            switch(__scrutinee.tag){
                                                            }
                                                        })();
                                                    case "VLam":
                                                        const e6 = __scrutinee.args[0];
                                                        return {
                                                            tag: "PStep",
                                                            args: [
                                                                {
                                                                    tag: "App",
                                                                    args: [
                                                                        {
                                                                            tag: "Lam",
                                                                            args: [
                                                                                e6
                                                                            ]
                                                                        },
                                                                        e4
                                                                    ]
                                                                },
                                                                subst(e6, {
                                                                    tag: "Z",
                                                                    args: []
                                                                }, e4),
                                                                {
                                                                    tag: "EBeta",
                                                                    args: [
                                                                        e6,
                                                                        e4
                                                                    ]
                                                                }
                                                            ]
                                                        };
                                                }
                                            })();
                                    }
                                })();
                        }
                    })())
            };
        case "Lit":
            const b0 = __self.args[0];
            return {
                ap: (x13)=>({
                        tag: "PVal",
                        args: [
                            {
                                tag: "Lit",
                                args: [
                                    b0
                                ]
                            },
                            {
                                tag: "VLit",
                                args: [
                                    b0
                                ]
                            }
                        ]
                    })
            };
        case "If":
            const cond0 = __self.args[0];
            const then0 = __self.args[1];
            const else_0 = __self.args[2];
            return {
                ap: (h_e)=>((()=>{
                        const __scrutinee = h_e;
                        switch(__scrutinee.tag){
                            case "TIf":
                                const x14 = __scrutinee.args[0];
                                const x15 = __scrutinee.args[1];
                                const x16 = __scrutinee.args[2];
                                const x17 = __scrutinee.args[3];
                                const x18 = __scrutinee.args[4];
                                const h_cond = __scrutinee.args[5];
                                const h_then = __scrutinee.args[6];
                                const h_else = __scrutinee.args[7];
                                return (()=>{
                                    const __scrutinee = progress(cond0, {
                                        tag: "BooT",
                                        args: []
                                    }).ap(h_cond);
                                    switch(__scrutinee.tag){
                                        case "PVal":
                                            const x19 = __scrutinee.args[0];
                                            const h_val = __scrutinee.args[1];
                                            return (()=>{
                                                const __scrutinee = h_val;
                                                switch(__scrutinee.tag){
                                                    case "VLam":
                                                        const x20 = __scrutinee.args[0];
                                                        return (()=>{
                                                            const __scrutinee = h_cond;
                                                            switch(__scrutinee.tag){
                                                            }
                                                        })();
                                                    case "VLit":
                                                        const b1 = __scrutinee.args[0];
                                                        return (()=>{
                                                            const __scrutinee = b1;
                                                            switch(__scrutinee.tag){
                                                                case "True":
                                                                    return {
                                                                        tag: "PStep",
                                                                        args: [
                                                                            {
                                                                                tag: "If",
                                                                                args: [
                                                                                    {
                                                                                        tag: "Lit",
                                                                                        args: [
                                                                                            {
                                                                                                tag: "True",
                                                                                                args: []
                                                                                            }
                                                                                        ]
                                                                                    },
                                                                                    then0,
                                                                                    else_0
                                                                                ]
                                                                            },
                                                                            then0,
                                                                            {
                                                                                tag: "EIfTrue",
                                                                                args: [
                                                                                    then0,
                                                                                    else_0
                                                                                ]
                                                                            }
                                                                        ]
                                                                    };
                                                                case "False":
                                                                    return {
                                                                        tag: "PStep",
                                                                        args: [
                                                                            {
                                                                                tag: "If",
                                                                                args: [
                                                                                    {
                                                                                        tag: "Lit",
                                                                                        args: [
                                                                                            {
                                                                                                tag: "False",
                                                                                                args: []
                                                                                            }
                                                                                        ]
                                                                                    },
                                                                                    then0,
                                                                                    else_0
                                                                                ]
                                                                            },
                                                                            else_0,
                                                                            {
                                                                                tag: "EIfFalse",
                                                                                args: [
                                                                                    then0,
                                                                                    else_0
                                                                                ]
                                                                            }
                                                                        ]
                                                                    };
                                                            }
                                                        })();
                                                }
                                            })();
                                        case "PStep":
                                            const x21 = __scrutinee.args[0];
                                            const cond1 = __scrutinee.args[1];
                                            const h_eval = __scrutinee.args[2];
                                            return {
                                                tag: "PStep",
                                                args: [
                                                    {
                                                        tag: "If",
                                                        args: [
                                                            cond0,
                                                            then0,
                                                            else_0
                                                        ]
                                                    },
                                                    {
                                                        tag: "If",
                                                        args: [
                                                            cond1,
                                                            then0,
                                                            else_0
                                                        ]
                                                    },
                                                    {
                                                        tag: "ECongIf",
                                                        args: [
                                                            cond0,
                                                            cond1,
                                                            then0,
                                                            else_0,
                                                            h_eval
                                                        ]
                                                    }
                                                ]
                                            };
                                    }
                                })();
                        }
                    })())
            };
    }
}
function preservation(__self, e7, t3) {
    switch(__self.tag){
        case "Var":
            const x22 = __self.args[0];
            return {
                ap: (h_t1)=>({
                        ap: (h_eval0)=>((()=>{
                                const __scrutinee = h_eval0;
                                switch(__scrutinee.tag){
                                }
                            })())
                    })
            };
        case "Lam":
            const x23 = __self.args[0];
            return {
                ap: (h_t2)=>({
                        ap: (h_eval1)=>((()=>{
                                const __scrutinee = h_eval1;
                                switch(__scrutinee.tag){
                                }
                            })())
                    })
            };
        case "App":
            const e8 = __self.args[0];
            const e9 = __self.args[1];
            return {
                ap: (h_t3)=>((()=>{
                        const __scrutinee = h_t3;
                        switch(__scrutinee.tag){
                            case "TApp":
                                const x24 = __scrutinee.args[0];
                                const t4 = __scrutinee.args[1];
                                const t5 = __scrutinee.args[2];
                                const x25 = __scrutinee.args[3];
                                const x26 = __scrutinee.args[4];
                                const h_lam = __scrutinee.args[5];
                                const h_e2 = __scrutinee.args[6];
                                return {
                                    ap: (h_eval2)=>((()=>{
                                            const __scrutinee = h_eval2;
                                            switch(__scrutinee.tag){
                                                case "ECongApp1":
                                                    const x27 = __scrutinee.args[0];
                                                    const e10 = __scrutinee.args[1];
                                                    const h = __scrutinee.args[2];
                                                    const x28 = __scrutinee.args[3];
                                                    return {
                                                        tag: "TApp",
                                                        args: [
                                                            {
                                                                tag: "Nil",
                                                                args: []
                                                            },
                                                            t4,
                                                            t3,
                                                            e10,
                                                            e9,
                                                            preservation(e8, e10, {
                                                                tag: "FunT",
                                                                args: [
                                                                    t4,
                                                                    t3
                                                                ]
                                                            }).ap(h_lam).ap(h),
                                                            h_e2
                                                        ]
                                                    };
                                                case "ECongApp2":
                                                    const x29 = __scrutinee.args[0];
                                                    const x30 = __scrutinee.args[1];
                                                    const e11 = __scrutinee.args[2];
                                                    const h0 = __scrutinee.args[3];
                                                    return {
                                                        tag: "TApp",
                                                        args: [
                                                            {
                                                                tag: "Nil",
                                                                args: []
                                                            },
                                                            t4,
                                                            t3,
                                                            e8,
                                                            e11,
                                                            h_lam,
                                                            preservation(e9, e11, t4).ap(h_e2).ap(h0)
                                                        ]
                                                    };
                                                case "EBeta":
                                                    const e12 = __scrutinee.args[0];
                                                    const x31 = __scrutinee.args[1];
                                                    return (()=>{
                                                        const __scrutinee = h_lam;
                                                        switch(__scrutinee.tag){
                                                            case "TLam":
                                                                const x32 = __scrutinee.args[0];
                                                                const x33 = __scrutinee.args[1];
                                                                const x34 = __scrutinee.args[2];
                                                                const x35 = __scrutinee.args[3];
                                                                const h_e1 = __scrutinee.args[4];
                                                                return subst_lemma(e12, {
                                                                    tag: "Nil",
                                                                    args: []
                                                                }, {
                                                                    tag: "Nil",
                                                                    args: []
                                                                }, t4, t3, e9).ap(h_e1).ap(h_e2);
                                                        }
                                                    })();
                                            }
                                        })())
                                };
                        }
                    })())
            };
        case "Lit":
            const b2 = __self.args[0];
            return {
                ap: (h_t4)=>({
                        ap: (h_eval3)=>((()=>{
                                const __scrutinee = h_eval3;
                                switch(__scrutinee.tag){
                                }
                            })())
                    })
            };
        case "If":
            const cond2 = __self.args[0];
            const then1 = __self.args[1];
            const else_1 = __self.args[2];
            return {
                ap: (h_t5)=>({
                        ap: (h_eval4)=>((()=>{
                                const __scrutinee = h_t5;
                                switch(__scrutinee.tag){
                                    case "TIf":
                                        const x36 = __scrutinee.args[0];
                                        const x37 = __scrutinee.args[1];
                                        const x38 = __scrutinee.args[2];
                                        const x39 = __scrutinee.args[3];
                                        const t6 = __scrutinee.args[4];
                                        const h_cond0 = __scrutinee.args[5];
                                        const h_then0 = __scrutinee.args[6];
                                        const h_else0 = __scrutinee.args[7];
                                        return (()=>{
                                            const __scrutinee = h_eval4;
                                            switch(__scrutinee.tag){
                                                case "ECongIf":
                                                    const x40 = __scrutinee.args[0];
                                                    const cond3 = __scrutinee.args[1];
                                                    const x41 = __scrutinee.args[2];
                                                    const x42 = __scrutinee.args[3];
                                                    const h_eval_cond = __scrutinee.args[4];
                                                    return {
                                                        tag: "TIf",
                                                        args: [
                                                            {
                                                                tag: "Nil",
                                                                args: []
                                                            },
                                                            cond3,
                                                            then1,
                                                            else_1,
                                                            t3,
                                                            preservation(cond2, cond3, {
                                                                tag: "BooT",
                                                                args: []
                                                            }).ap(h_cond0).ap(h_eval_cond),
                                                            h_then0,
                                                            h_else0
                                                        ]
                                                    };
                                                case "EIfTrue":
                                                    const x43 = __scrutinee.args[0];
                                                    const x44 = __scrutinee.args[1];
                                                    return h_then0;
                                                case "EIfFalse":
                                                    const x45 = __scrutinee.args[0];
                                                    const x46 = __scrutinee.args[1];
                                                    return h_else0;
                                            }
                                        })();
                                }
                            })())
                    })
            };
    }
}
function subst_lemma(__self, ctx1, ctx2, t7, t8, by_e) {
    switch(__self.tag){
        case "Var":
            const x47 = __self.args[0];
            return {
                ap: (h_e0)=>({
                        ap: (h_by)=>((()=>{
                                const __scrutinee = h_e0;
                                switch(__scrutinee.tag){
                                    case "TVar":
                                        const x48 = __scrutinee.args[0];
                                        const x49 = __scrutinee.args[1];
                                        const x50 = __scrutinee.args[2];
                                        const h_elem = __scrutinee.args[3];
                                        return (()=>{
                                            const __scrutinee = cmp_reflect(x47, len(ctx1));
                                            switch(__scrutinee.tag){
                                                case "IsLT":
                                                    const x51 = __scrutinee.args[0];
                                                    const x52 = __scrutinee.args[1];
                                                    const h_eq_lt = __scrutinee.args[2];
                                                    const h_lt = __scrutinee.args[3];
                                                    return transport(h_eq_lt, {
                                                        tag: "LT",
                                                        args: []
                                                    }, cmp(x47, len(ctx1)), {
                                                        ap: (cmp0)=>(undefined)
                                                    }, weaken_append(ctx2, ctx1, {
                                                        tag: "Var",
                                                        args: [
                                                            x47
                                                        ]
                                                    }, t8).ap({
                                                        tag: "TVar",
                                                        args: [
                                                            ctx1,
                                                            x47,
                                                            t8,
                                                            elem_append_first(ctx1, {
                                                                tag: "Cons",
                                                                args: [
                                                                    t7,
                                                                    ctx2
                                                                ]
                                                            }, t8, x47).ap(h_lt).ap(h_elem)
                                                        ]
                                                    }));
                                                case "IsEQ":
                                                    const x53 = __scrutinee.args[0];
                                                    const x54 = __scrutinee.args[1];
                                                    const h_eq_eq = __scrutinee.args[2];
                                                    const h_eq = __scrutinee.args[3];
                                                    return transport(h_eq_eq, {
                                                        tag: "EQ",
                                                        args: []
                                                    }, cmp(x47, len(ctx1)), {
                                                        ap: (cmp1)=>(undefined)
                                                    }, weaken_append(append(ctx1, ctx2), {
                                                        tag: "Nil",
                                                        args: []
                                                    }, by_e, t8).ap(transport(ctx_lookup(ctx1, ctx2, t8, t7).ap(transport(h_eq, x47, len(ctx1), {
                                                        ap: (x55)=>(undefined)
                                                    }, h_elem)), t7, t8, {
                                                        ap: (t9)=>(undefined)
                                                    }, h_by)));
                                                case "IsGT":
                                                    const x56 = __scrutinee.args[0];
                                                    const x57 = __scrutinee.args[1];
                                                    const h_eq_gt = __scrutinee.args[2];
                                                    const h_gt = __scrutinee.args[3];
                                                    return transport(h_eq_gt, {
                                                        tag: "GT",
                                                        args: []
                                                    }, cmp(x47, len(ctx1)), {
                                                        ap: (cmp2)=>(undefined)
                                                    }, {
                                                        tag: "TVar",
                                                        args: [
                                                            append(ctx1, ctx2),
                                                            pred(x47),
                                                            t8,
                                                            elem_append_pred(ctx1, ctx2, t8, t7, x47).ap(h_gt).ap(h_elem)
                                                        ]
                                                    });
                                            }
                                        })();
                                }
                            })())
                    })
            };
        case "Lam":
            const body = __self.args[0];
            return {
                ap: (h_e3)=>({
                        ap: (h_by0)=>((()=>{
                                const __scrutinee = h_e3;
                                switch(__scrutinee.tag){
                                    case "TLam":
                                        const x58 = __scrutinee.args[0];
                                        const a = __scrutinee.args[1];
                                        const b3 = __scrutinee.args[2];
                                        const x59 = __scrutinee.args[3];
                                        const h_body = __scrutinee.args[4];
                                        return {
                                            tag: "TLam",
                                            args: [
                                                append(ctx1, ctx2),
                                                a,
                                                b3,
                                                subst(body, {
                                                    tag: "S",
                                                    args: [
                                                        len(ctx1)
                                                    ]
                                                }, by_e),
                                                subst_lemma(body, {
                                                    tag: "Cons",
                                                    args: [
                                                        a,
                                                        ctx1
                                                    ]
                                                }, ctx2, t7, b3, by_e).ap(h_body).ap(h_by0)
                                            ]
                                        };
                                }
                            })())
                    })
            };
        case "App":
            const e13 = __self.args[0];
            const e14 = __self.args[1];
            return {
                ap: (h_e4)=>({
                        ap: (h_by1)=>((()=>{
                                const __scrutinee = h_e4;
                                switch(__scrutinee.tag){
                                    case "TApp":
                                        const x60 = __scrutinee.args[0];
                                        const a0 = __scrutinee.args[1];
                                        const b4 = __scrutinee.args[2];
                                        const x61 = __scrutinee.args[3];
                                        const x62 = __scrutinee.args[4];
                                        const h_e5 = __scrutinee.args[5];
                                        const h_e6 = __scrutinee.args[6];
                                        return {
                                            tag: "TApp",
                                            args: [
                                                append(ctx1, ctx2),
                                                a0,
                                                t8,
                                                subst(e13, len(ctx1), by_e),
                                                subst(e14, len(ctx1), by_e),
                                                subst_lemma(e13, ctx1, ctx2, t7, {
                                                    tag: "FunT",
                                                    args: [
                                                        a0,
                                                        t8
                                                    ]
                                                }, by_e).ap(h_e5).ap(h_by1),
                                                subst_lemma(e14, ctx1, ctx2, t7, a0, by_e).ap(h_e6).ap(h_by1)
                                            ]
                                        };
                                }
                            })())
                    })
            };
        case "Lit":
            const b5 = __self.args[0];
            return {
                ap: (h_e7)=>({
                        ap: (h_by2)=>((()=>{
                                const __scrutinee = h_e7;
                                switch(__scrutinee.tag){
                                    case "TLit":
                                        const x63 = __scrutinee.args[0];
                                        const x64 = __scrutinee.args[1];
                                        return {
                                            tag: "TLit",
                                            args: [
                                                append(ctx1, ctx2),
                                                b5
                                            ]
                                        };
                                }
                            })())
                    })
            };
        case "If":
            const cond4 = __self.args[0];
            const then2 = __self.args[1];
            const else_2 = __self.args[2];
            return {
                ap: (h_e8)=>({
                        ap: (h_by3)=>((()=>{
                                const __scrutinee = h_e8;
                                switch(__scrutinee.tag){
                                    case "TIf":
                                        const x65 = __scrutinee.args[0];
                                        const x66 = __scrutinee.args[1];
                                        const x67 = __scrutinee.args[2];
                                        const x68 = __scrutinee.args[3];
                                        const t10 = __scrutinee.args[4];
                                        const h_cond1 = __scrutinee.args[5];
                                        const h_then1 = __scrutinee.args[6];
                                        const h_else1 = __scrutinee.args[7];
                                        return {
                                            tag: "TIf",
                                            args: [
                                                append(ctx1, ctx2),
                                                subst(cond4, len(ctx1), by_e),
                                                subst(then2, len(ctx1), by_e),
                                                subst(else_2, len(ctx1), by_e),
                                                t8,
                                                subst_lemma(cond4, ctx1, ctx2, t7, {
                                                    tag: "BooT",
                                                    args: []
                                                }, by_e).ap(h_cond1).ap(h_by3),
                                                subst_lemma(then2, ctx1, ctx2, t7, t8, by_e).ap(h_then1).ap(h_by3),
                                                subst_lemma(else_2, ctx1, ctx2, t7, t8, by_e).ap(h_else1).ap(h_by3)
                                            ]
                                        };
                                }
                            })())
                    })
            };
    }
}
function weaken_append(__self, ctx, e15, t11) {
    switch(__self.tag){
        case "Nil":
            return {
                ap: (h_e9)=>(transport(append_nil(ctx), ctx, append(ctx, {
                        tag: "Nil",
                        args: []
                    }), {
                        ap: (ctx0)=>(undefined)
                    }, h_e9))
            };
        case "Cons":
            const t12 = __self.args[0];
            const ts1 = __self.args[1];
            return {
                ap: (h_e10)=>(transport(append_assoc(ctx, {
                        tag: "Cons",
                        args: [
                            t12,
                            {
                                tag: "Nil",
                                args: []
                            }
                        ]
                    }, ts1), append(append(ctx, {
                        tag: "Cons",
                        args: [
                            t12,
                            {
                                tag: "Nil",
                                args: []
                            }
                        ]
                    }), ts1), append(ctx, {
                        tag: "Cons",
                        args: [
                            t12,
                            ts1
                        ]
                    }), {
                        ap: (ctx3)=>(undefined)
                    }, weaken_append(ts1, append(ctx, {
                        tag: "Cons",
                        args: [
                            t12,
                            {
                                tag: "Nil",
                                args: []
                            }
                        ]
                    }), e15, t11).ap(weaken_cons(e15, ctx, t12, t11).ap(h_e10))))
            };
    }
}
function weaken_cons(__self, ctx4, t13, t14) {
    switch(__self.tag){
        case "Var":
            const x69 = __self.args[0];
            return {
                ap: (h_e11)=>((()=>{
                        const __scrutinee = h_e11;
                        switch(__scrutinee.tag){
                            case "TVar":
                                const x70 = __scrutinee.args[0];
                                const x71 = __scrutinee.args[1];
                                const x72 = __scrutinee.args[2];
                                const h_elem0 = __scrutinee.args[3];
                                return {
                                    tag: "TVar",
                                    args: [
                                        append(ctx4, {
                                            tag: "Cons",
                                            args: [
                                                t13,
                                                {
                                                    tag: "Nil",
                                                    args: []
                                                }
                                            ]
                                        }),
                                        x69,
                                        t14,
                                        elem_append(h_elem0, x69, t13, t14, ctx4)
                                    ]
                                };
                        }
                    })())
            };
        case "Lam":
            const e16 = __self.args[0];
            return {
                ap: (h_e12)=>((()=>{
                        const __scrutinee = h_e12;
                        switch(__scrutinee.tag){
                            case "TLam":
                                const x73 = __scrutinee.args[0];
                                const a1 = __scrutinee.args[1];
                                const b6 = __scrutinee.args[2];
                                const x74 = __scrutinee.args[3];
                                const h_e13 = __scrutinee.args[4];
                                return {
                                    tag: "TLam",
                                    args: [
                                        append(ctx4, {
                                            tag: "Cons",
                                            args: [
                                                t13,
                                                {
                                                    tag: "Nil",
                                                    args: []
                                                }
                                            ]
                                        }),
                                        a1,
                                        b6,
                                        e16,
                                        weaken_cons(e16, {
                                            tag: "Cons",
                                            args: [
                                                a1,
                                                ctx4
                                            ]
                                        }, t13, b6).ap(h_e13)
                                    ]
                                };
                        }
                    })())
            };
        case "App":
            const e17 = __self.args[0];
            const e18 = __self.args[1];
            return {
                ap: (h_e14)=>((()=>{
                        const __scrutinee = h_e14;
                        switch(__scrutinee.tag){
                            case "TApp":
                                const x75 = __scrutinee.args[0];
                                const a2 = __scrutinee.args[1];
                                const b7 = __scrutinee.args[2];
                                const x76 = __scrutinee.args[3];
                                const x77 = __scrutinee.args[4];
                                const h_e15 = __scrutinee.args[5];
                                const h_e16 = __scrutinee.args[6];
                                return {
                                    tag: "TApp",
                                    args: [
                                        append(ctx4, {
                                            tag: "Cons",
                                            args: [
                                                t13,
                                                {
                                                    tag: "Nil",
                                                    args: []
                                                }
                                            ]
                                        }),
                                        a2,
                                        t14,
                                        e17,
                                        e18,
                                        weaken_cons(e17, ctx4, t13, {
                                            tag: "FunT",
                                            args: [
                                                a2,
                                                t14
                                            ]
                                        }).ap(h_e15),
                                        weaken_cons(e18, ctx4, t13, a2).ap(h_e16)
                                    ]
                                };
                        }
                    })())
            };
        case "Lit":
            const b8 = __self.args[0];
            return {
                ap: (h_e17)=>((()=>{
                        const __scrutinee = h_e17;
                        switch(__scrutinee.tag){
                            case "TLit":
                                const x78 = __scrutinee.args[0];
                                const x79 = __scrutinee.args[1];
                                return {
                                    tag: "TLit",
                                    args: [
                                        append(ctx4, {
                                            tag: "Cons",
                                            args: [
                                                t13,
                                                {
                                                    tag: "Nil",
                                                    args: []
                                                }
                                            ]
                                        }),
                                        b8
                                    ]
                                };
                        }
                    })())
            };
        case "If":
            const cond5 = __self.args[0];
            const then3 = __self.args[1];
            const else_3 = __self.args[2];
            return {
                ap: (h_e18)=>((()=>{
                        const __scrutinee = h_e18;
                        switch(__scrutinee.tag){
                            case "TIf":
                                const x80 = __scrutinee.args[0];
                                const x81 = __scrutinee.args[1];
                                const x82 = __scrutinee.args[2];
                                const x83 = __scrutinee.args[3];
                                const t15 = __scrutinee.args[4];
                                const h_cond2 = __scrutinee.args[5];
                                const h_then2 = __scrutinee.args[6];
                                const h_else2 = __scrutinee.args[7];
                                return {
                                    tag: "TIf",
                                    args: [
                                        append(ctx4, {
                                            tag: "Cons",
                                            args: [
                                                t13,
                                                {
                                                    tag: "Nil",
                                                    args: []
                                                }
                                            ]
                                        }),
                                        cond5,
                                        then3,
                                        else_3,
                                        t14,
                                        weaken_cons(cond5, ctx4, t13, {
                                            tag: "BooT",
                                            args: []
                                        }).ap(h_cond2),
                                        weaken_cons(then3, ctx4, t13, t14).ap(h_then2),
                                        weaken_cons(else_3, ctx4, t13, t14).ap(h_else2)
                                    ]
                                };
                        }
                    })())
            };
    }
}
function elem_append(__self, n, t16, t17, ctx5) {
    switch(__self.tag){
        case "Here":
            const t18 = __self.args[0];
            const ts2 = __self.args[1];
            return {
                tag: "Here",
                args: [
                    t17,
                    append(ts2, {
                        tag: "Cons",
                        args: [
                            t16,
                            {
                                tag: "Nil",
                                args: []
                            }
                        ]
                    })
                ]
            };
        case "There":
            const n0 = __self.args[0];
            const x84 = __self.args[1];
            const t19 = __self.args[2];
            const ts3 = __self.args[3];
            const h1 = __self.args[4];
            return {
                tag: "There",
                args: [
                    n0,
                    t17,
                    t19,
                    append(ts3, {
                        tag: "Cons",
                        args: [
                            t16,
                            {
                                tag: "Nil",
                                args: []
                            }
                        ]
                    }),
                    elem_append(h1, n0, t16, t17, ts3)
                ]
            };
    }
}
function append_assoc(__self, ctx6, ctx7) {
    switch(__self.tag){
        case "Nil":
            return {
                tag: "Refl",
                args: [
                    append(ctx6, ctx7)
                ]
            };
        case "Cons":
            const x85 = __self.args[0];
            const xs = __self.args[1];
            return cong(append_assoc(xs, ctx6, ctx7), append(append(xs, ctx6), ctx7), append(xs, append(ctx6, ctx7)), {
                ap: (xs0)=>({
                        tag: "Cons",
                        args: [
                            x85,
                            xs0
                        ]
                    })
            });
    }
}
function append_nil(__self) {
    switch(__self.tag){
        case "Nil":
            return {
                tag: "Refl",
                args: [
                    {
                        tag: "Nil",
                        args: []
                    }
                ]
            };
        case "Cons":
            const t20 = __self.args[0];
            const ts4 = __self.args[1];
            return eq_cons(append_nil(ts4), ts4, append(ts4, {
                tag: "Nil",
                args: []
            }), t20);
    }
}
function empty_absurd(__self, x86, t21) {
    switch(__self.tag){
    }
}
function elem_unique(__self, ctx8, t22, t23) {
    switch(__self.tag){
        case "Here":
            const x87 = __self.args[0];
            const x88 = __self.args[1];
            return {
                tag: "Refl",
                args: [
                    t23
                ]
            };
    }
}
function ctx_lookup(__self, ctx9, t24, t25) {
    switch(__self.tag){
        case "Nil":
            return {
                ap: (h2)=>(elem_unique(h2, ctx9, t24, t25))
            };
        case "Cons":
            const t26 = __self.args[0];
            const ts5 = __self.args[1];
            return {
                ap: (h3)=>((()=>{
                        const __scrutinee = h3;
                        switch(__scrutinee.tag){
                            case "There":
                                const x89 = __scrutinee.args[0];
                                const x90 = __scrutinee.args[1];
                                const x91 = __scrutinee.args[2];
                                const x92 = __scrutinee.args[3];
                                const h4 = __scrutinee.args[4];
                                return ctx_lookup(ts5, ctx9, t24, t25).ap(h4);
                        }
                    })())
            };
    }
}
function elem_append_first(__self, ctx10, t27, x93) {
    switch(__self.tag){
        case "Nil":
            return {
                ap: (h_lt0)=>({
                        ap: (h_elem1)=>((()=>{
                                const __scrutinee = h_lt0;
                                switch(__scrutinee.tag){
                                }
                            })())
                    })
            };
        case "Cons":
            const t28 = __self.args[0];
            const ts6 = __self.args[1];
            return {
                ap: (h_lt1)=>({
                        ap: (h_elem2)=>((()=>{
                                const __scrutinee = h_elem2;
                                switch(__scrutinee.tag){
                                    case "Here":
                                        const x94 = __scrutinee.args[0];
                                        const x95 = __scrutinee.args[1];
                                        return {
                                            tag: "Here",
                                            args: [
                                                t28,
                                                ts6
                                            ]
                                        };
                                    case "There":
                                        const x96 = __scrutinee.args[0];
                                        const x97 = __scrutinee.args[1];
                                        const x98 = __scrutinee.args[2];
                                        const x99 = __scrutinee.args[3];
                                        const h5 = __scrutinee.args[4];
                                        return {
                                            tag: "There",
                                            args: [
                                                x96,
                                                t27,
                                                t28,
                                                ts6,
                                                elem_append_first(ts6, ctx10, t27, x96).ap(le_unsucc(h_lt1, {
                                                    tag: "S",
                                                    args: [
                                                        x96
                                                    ]
                                                }, len(ts6))).ap(h5)
                                            ]
                                        };
                                }
                            })())
                    })
            };
    }
}
function elem_append_pred(__self, ctx11, t29, t30, x100) {
    switch(__self.tag){
        case "Nil":
            return {
                ap: (h_gt0)=>({
                        ap: (h_elem3)=>((()=>{
                                const __scrutinee = h_elem3;
                                switch(__scrutinee.tag){
                                    case "Here":
                                        const x101 = __scrutinee.args[0];
                                        const x102 = __scrutinee.args[1];
                                        return (()=>{
                                            const __scrutinee = h_gt0;
                                            switch(__scrutinee.tag){
                                            }
                                        })();
                                    case "There":
                                        const x103 = __scrutinee.args[0];
                                        const x104 = __scrutinee.args[1];
                                        const x105 = __scrutinee.args[2];
                                        const x106 = __scrutinee.args[3];
                                        const h6 = __scrutinee.args[4];
                                        return h6;
                                }
                            })())
                    })
            };
        case "Cons":
            const t31 = __self.args[0];
            const ts7 = __self.args[1];
            return {
                ap: (h_gt1)=>({
                        ap: (h_elem4)=>((()=>{
                                const __scrutinee = h_elem4;
                                switch(__scrutinee.tag){
                                    case "Here":
                                        const x107 = __scrutinee.args[0];
                                        const x108 = __scrutinee.args[1];
                                        return (()=>{
                                            const __scrutinee = h_gt1;
                                            switch(__scrutinee.tag){
                                            }
                                        })();
                                    case "There":
                                        const x109 = __scrutinee.args[0];
                                        const x110 = __scrutinee.args[1];
                                        const x111 = __scrutinee.args[2];
                                        const x112 = __scrutinee.args[3];
                                        const h7 = __scrutinee.args[4];
                                        return transport(s_pred(le_unsucc(h_gt1, {
                                            tag: "S",
                                            args: [
                                                len(ts7)
                                            ]
                                        }, x109), len(ts7), x109), {
                                            tag: "S",
                                            args: [
                                                pred(x109)
                                            ]
                                        }, x109, {
                                            ap: (x113)=>(undefined)
                                        }, {
                                            tag: "There",
                                            args: [
                                                pred(x109),
                                                t29,
                                                t31,
                                                append(ts7, ctx11),
                                                elem_append_pred(ts7, ctx11, t29, t30, x109).ap(le_unsucc(h_gt1, {
                                                    tag: "S",
                                                    args: [
                                                        len(ts7)
                                                    ]
                                                }, x109)).ap(h7)
                                            ]
                                        });
                                }
                            })())
                    })
            };
    }
}
function elim_bot(__self) {
    switch(__self.tag){
    }
}
function sym(__self, x114, y) {
    switch(__self.tag){
        case "Refl":
            const x115 = __self.args[0];
            return {
                tag: "Refl",
                args: [
                    y
                ]
            };
    }
}
function transport(__self, x116, y0, p, prf) {
    switch(__self.tag){
        case "Refl":
            const x117 = __self.args[0];
            return prf;
    }
}
function cong(__self, x118, y1, f) {
    switch(__self.tag){
        case "Refl":
            const x119 = __self.args[0];
            return {
                tag: "Refl",
                args: [
                    f.ap(y1)
                ]
            };
    }
}
function eq_s(__self, x120, y2) {
    switch(__self.tag){
        case "Refl":
            const x121 = __self.args[0];
            return {
                tag: "Refl",
                args: [
                    {
                        tag: "S",
                        args: [
                            y2
                        ]
                    }
                ]
            };
    }
}
function eq_cons(__self, xs1, ys, t32) {
    switch(__self.tag){
        case "Refl":
            const x122 = __self.args[0];
            return {
                tag: "Refl",
                args: [
                    {
                        tag: "Cons",
                        args: [
                            t32,
                            ys
                        ]
                    }
                ]
            };
    }
}
function pred(__self) {
    switch(__self.tag){
        case "Z":
            return {
                tag: "Z",
                args: []
            };
        case "S":
            const x123 = __self.args[0];
            return x123;
    }
}
function cmp(__self, y3) {
    switch(__self.tag){
        case "Z":
            return (()=>{
                const __scrutinee = y3;
                switch(__scrutinee.tag){
                    case "Z":
                        return {
                            tag: "EQ",
                            args: []
                        };
                    case "S":
                        const x124 = __scrutinee.args[0];
                        return {
                            tag: "LT",
                            args: []
                        };
                }
            })();
        case "S":
            const x125 = __self.args[0];
            return (()=>{
                const __scrutinee = y3;
                switch(__scrutinee.tag){
                    case "Z":
                        return {
                            tag: "GT",
                            args: []
                        };
                    case "S":
                        const y4 = __scrutinee.args[0];
                        return cmp(x125, y4);
                }
            })();
    }
}
function cmp_reflect(__self, y5) {
    switch(__self.tag){
        case "Z":
            return (()=>{
                const __scrutinee = y5;
                switch(__scrutinee.tag){
                    case "Z":
                        return {
                            tag: "IsEQ",
                            args: [
                                {
                                    tag: "Z",
                                    args: []
                                },
                                {
                                    tag: "Z",
                                    args: []
                                },
                                {
                                    tag: "Refl",
                                    args: [
                                        {
                                            tag: "EQ",
                                            args: []
                                        }
                                    ]
                                },
                                {
                                    tag: "Refl",
                                    args: [
                                        {
                                            tag: "Z",
                                            args: []
                                        }
                                    ]
                                }
                            ]
                        };
                    case "S":
                        const y6 = __scrutinee.args[0];
                        return {
                            tag: "IsLT",
                            args: [
                                {
                                    tag: "Z",
                                    args: []
                                },
                                {
                                    tag: "S",
                                    args: [
                                        y6
                                    ]
                                },
                                {
                                    tag: "Refl",
                                    args: [
                                        {
                                            tag: "LT",
                                            args: []
                                        }
                                    ]
                                },
                                le_succ(z_le(y6), {
                                    tag: "Z",
                                    args: []
                                }, y6)
                            ]
                        };
                }
            })();
        case "S":
            const x126 = __self.args[0];
            return (()=>{
                const __scrutinee = y5;
                switch(__scrutinee.tag){
                    case "Z":
                        return {
                            tag: "IsGT",
                            args: [
                                {
                                    tag: "S",
                                    args: [
                                        x126
                                    ]
                                },
                                {
                                    tag: "Z",
                                    args: []
                                },
                                {
                                    tag: "Refl",
                                    args: [
                                        {
                                            tag: "GT",
                                            args: []
                                        }
                                    ]
                                },
                                le_succ(z_le(x126), {
                                    tag: "Z",
                                    args: []
                                }, x126)
                            ]
                        };
                    case "S":
                        const y7 = __scrutinee.args[0];
                        return (()=>{
                            const __scrutinee = cmp_reflect(x126, y7);
                            switch(__scrutinee.tag){
                                case "IsLT":
                                    const x127 = __scrutinee.args[0];
                                    const x128 = __scrutinee.args[1];
                                    const h8 = __scrutinee.args[2];
                                    const h9 = __scrutinee.args[3];
                                    return {
                                        tag: "IsLT",
                                        args: [
                                            {
                                                tag: "S",
                                                args: [
                                                    x126
                                                ]
                                            },
                                            {
                                                tag: "S",
                                                args: [
                                                    y7
                                                ]
                                            },
                                            h8,
                                            le_succ(h9, {
                                                tag: "S",
                                                args: [
                                                    x126
                                                ]
                                            }, y7)
                                        ]
                                    };
                                case "IsEQ":
                                    const x129 = __scrutinee.args[0];
                                    const x130 = __scrutinee.args[1];
                                    const h10 = __scrutinee.args[2];
                                    const h11 = __scrutinee.args[3];
                                    return {
                                        tag: "IsEQ",
                                        args: [
                                            {
                                                tag: "S",
                                                args: [
                                                    x126
                                                ]
                                            },
                                            {
                                                tag: "S",
                                                args: [
                                                    y7
                                                ]
                                            },
                                            h10,
                                            eq_s(h11, x126, y7)
                                        ]
                                    };
                                case "IsGT":
                                    const x131 = __scrutinee.args[0];
                                    const x132 = __scrutinee.args[1];
                                    const h12 = __scrutinee.args[2];
                                    const h13 = __scrutinee.args[3];
                                    return {
                                        tag: "IsGT",
                                        args: [
                                            {
                                                tag: "S",
                                                args: [
                                                    x126
                                                ]
                                            },
                                            {
                                                tag: "S",
                                                args: [
                                                    y7
                                                ]
                                            },
                                            h12,
                                            le_succ(h13, {
                                                tag: "S",
                                                args: [
                                                    y7
                                                ]
                                            }, x126)
                                        ]
                                    };
                            }
                        })();
                }
            })();
    }
}
function z_le(__self) {
    switch(__self.tag){
        case "Z":
            return {
                tag: "LERefl",
                args: [
                    {
                        tag: "Z",
                        args: []
                    }
                ]
            };
        case "S":
            const x133 = __self.args[0];
            return {
                tag: "LESucc",
                args: [
                    {
                        tag: "Z",
                        args: []
                    },
                    x133,
                    z_le(x133)
                ]
            };
    }
}
function le_succ(__self, x134, y8) {
    switch(__self.tag){
        case "LERefl":
            const x135 = __self.args[0];
            return {
                tag: "LERefl",
                args: [
                    {
                        tag: "S",
                        args: [
                            y8
                        ]
                    }
                ]
            };
        case "LESucc":
            const x136 = __self.args[0];
            const y9 = __self.args[1];
            const h14 = __self.args[2];
            return {
                tag: "LESucc",
                args: [
                    {
                        tag: "S",
                        args: [
                            x134
                        ]
                    },
                    {
                        tag: "S",
                        args: [
                            y9
                        ]
                    },
                    le_succ(h14, x134, y9)
                ]
            };
    }
}
function le_unsucc(__self, x137, y10) {
    switch(__self.tag){
        case "LERefl":
            const x138 = __self.args[0];
            return {
                tag: "LERefl",
                args: [
                    y10
                ]
            };
        case "LESucc":
            const x139 = __self.args[0];
            const x140 = __self.args[1];
            const h15 = __self.args[2];
            return s_le(h15, x137, y10);
    }
}
function s_le(__self, x141, y11) {
    switch(__self.tag){
        case "LERefl":
            const x142 = __self.args[0];
            return {
                tag: "LESucc",
                args: [
                    x141,
                    x141,
                    {
                        tag: "LERefl",
                        args: [
                            x141
                        ]
                    }
                ]
            };
        case "LESucc":
            const x143 = __self.args[0];
            const y12 = __self.args[1];
            const h16 = __self.args[2];
            return {
                tag: "LESucc",
                args: [
                    x141,
                    y12,
                    s_le(h16, x141, y12)
                ]
            };
    }
}
function s_pred(__self, x144, y13) {
    switch(__self.tag){
        case "LERefl":
            const x145 = __self.args[0];
            return {
                tag: "Refl",
                args: [
                    {
                        tag: "S",
                        args: [
                            x144
                        ]
                    }
                ]
            };
        case "LESucc":
            const x146 = __self.args[0];
            const y14 = __self.args[1];
            const x147 = __self.args[2];
            return {
                tag: "Refl",
                args: [
                    {
                        tag: "S",
                        args: [
                            y14
                        ]
                    }
                ]
            };
    }
}
function not(__self) {
    switch(__self.tag){
        case "True":
            return {
                tag: "False",
                args: []
            };
        case "False":
            return {
                tag: "True",
                args: []
            };
    }
}
