{"tag":"Cons","args":[{"tag":"S","args":[{"tag":"S","args":[{"tag":"S","args":[{"tag":"Z","args":[]}]}]}]},{"tag":"Z","args":[]},{"tag":"Cons","args":[{"tag":"S","args":[{"tag":"S","args":[{"tag":"Z","args":[]}]}]},{"tag":"Z","args":[]},{"tag":"Cons","args":[{"tag":"S","args":[{"tag":"Z","args":[]}]},{"tag":"Z","args":[]},{"tag":"Cons","args":[{"tag":"Z","args":[]},{"tag":"Z","args":[]},{"tag":"Nil","args":[]}]}]}]}]}
